dev/crossroadsmc/crossroads/service/EconomyService$VaultEconomyAdapter.class
dev/crossroadsmc/crossroads/service/KitService.class
dev/crossroadsmc/crossroads/service/ImportService$ImportResult.class
dev/crossroadsmc/crossroads/storage/StorageManager.class
dev/crossroadsmc/crossroads/model/PlayerData.class
dev/crossroadsmc/crossroads/model/PermissionGroup.class
dev/crossroadsmc/crossroads/listener/InteractionListener.class
dev/crossroadsmc/crossroads/model/InventorySnapshot.class
dev/crossroadsmc/crossroads/service/EconomyService$BalanceEntry.class
dev/crossroadsmc/crossroads/storage/StorageProvider.class
dev/crossroadsmc/crossroads/service/PermissionService$CrossroadsVaultPermission.class
dev/crossroadsmc/crossroads/service/WorldProfileService.class
dev/crossroadsmc/crossroads/storage/YamlStorageProvider.class
dev/crossroadsmc/crossroads/service/EconomyService.class
dev/crossroadsmc/crossroads/listener/ModerationListener.class
dev/crossroadsmc/crossroads/model/MailMessage.class
dev/crossroadsmc/crossroads/listener/PlayerTrackingListener.class
dev/crossroadsmc/crossroads/service/SpawnService.class
dev/crossroadsmc/crossroads/service/MessagingService.class
dev/crossroadsmc/crossroads/service/EconomyService$AegisClaimBlocksAdapter.class
dev/crossroadsmc/crossroads/storage/JdbcStorageProvider.class
dev/crossroadsmc/crossroads/service/TeleportRequestService.class
dev/crossroadsmc/crossroads/service/EconomyService$EconomyAdapter.class
dev/crossroadsmc/crossroads/command/CrossroadsCommandRouter.class
dev/crossroadsmc/crossroads/util/LocationFormatter.class
dev/crossroadsmc/crossroads/service/AegisGuardHookService.class
dev/crossroadsmc/crossroads/service/LanguageService.class
dev/crossroadsmc/crossroads/service/ProtectionCompatibilityService$TownyAdapter.class
dev/crossroadsmc/crossroads/api/module/CrossroadsModuleContext.class
dev/crossroadsmc/crossroads/model/SavedLocation.class
dev/crossroadsmc/crossroads/service/ProtectionCompatibilityService$ProtectionMatch.class
dev/crossroadsmc/crossroads/util/DurationParser.class
dev/crossroadsmc/crossroads/service/AegisGuardHookService$PlotInfo.class
dev/crossroadsmc/crossroads/service/PermissionService.class
dev/crossroadsmc/crossroads/service/BackupService.class
dev/crossroadsmc/crossroads/service/ProtectionCompatibilityService$LandsAdapter.class
dev/crossroadsmc/crossroads/model/ModerationLogEntry.class
dev/crossroadsmc/crossroads/service/ProtectionCompatibilityService$ProviderStatus.class
dev/crossroadsmc/crossroads/model/PermissionNode.class
dev/crossroadsmc/crossroads/service/EconomyService$NoopEconomyAdapter.class
dev/crossroadsmc/crossroads/util/TimeFormatter.class
dev/crossroadsmc/crossroads/service/ProtectionCompatibilityService$AegisGuardAdapter.class
dev/crossroadsmc/crossroads/command/CrossroadsCommandRouter$ScopedName.class
dev/crossroadsmc/crossroads/service/WarpService.class
dev/crossroadsmc/crossroads/service/JailService.class
dev/crossroadsmc/crossroads/CrossroadsPlugin.class
dev/crossroadsmc/crossroads/listener/PlayerLifecycleListener.class
dev/crossroadsmc/crossroads/api/CrossroadsAPI.class
dev/crossroadsmc/crossroads/model/TeleportRequest.class
dev/crossroadsmc/crossroads/service/ProtectionCompatibilityService$GriefPreventionAdapter.class
dev/crossroadsmc/crossroads/service/MenuService.class
dev/crossroadsmc/crossroads/placeholder/CrossroadsPlaceholderExpansion.class
dev/crossroadsmc/crossroads/api/event/HomeTeleportEvent.class
dev/crossroadsmc/crossroads/service/MenuService$CrossroadsMenuHolder.class
dev/crossroadsmc/crossroads/service/StaffService.class
dev/crossroadsmc/crossroads/service/PlayerDataService.class
dev/crossroadsmc/crossroads/util/PlayerDataCodec.class
dev/crossroadsmc/crossroads/model/KitDefinition.class
dev/crossroadsmc/crossroads/service/ModerationService.class
dev/crossroadsmc/crossroads/service/EconomyService$NativeEconomyAdapter.class
dev/crossroadsmc/crossroads/service/ImportService.class
dev/crossroadsmc/crossroads/service/ProtectionCompatibilityService$PlotSquaredAdapter.class
dev/crossroadsmc/crossroads/service/ProtectionCompatibilityService.class
dev/crossroadsmc/crossroads/model/StaffModeSession.class
dev/crossroadsmc/crossroads/service/ProtectionCompatibilityService$ProtectionAdapter.class
dev/crossroadsmc/crossroads/service/ProtectionCompatibilityService$ResidenceAdapter.class
dev/crossroadsmc/crossroads/api/module/CrossroadsModule.class
dev/crossroadsmc/crossroads/service/WelcomeService.class
dev/crossroadsmc/crossroads/util/Chat.class
dev/crossroadsmc/crossroads/service/ProtectionCompatibilityService$WorldGuardAdapter.class
dev/crossroadsmc/crossroads/service/AegisGuardHookService$HookState.class
dev/crossroadsmc/crossroads/service/BackService.class
dev/crossroadsmc/crossroads/service/TextPageService.class
dev/crossroadsmc/crossroads/storage/StorageType.class
dev/crossroadsmc/crossroads/service/EconomyService$CoffersEconomyAdapter.class
dev/crossroadsmc/crossroads/service/ModuleManager.class
