/workspace/src/main/java/dev/crossroadsmc/crossroads/service/AegisGuardHookService.java
/workspace/src/main/java/dev/crossroadsmc/crossroads/api/module/CrossroadsModuleContext.java
/workspace/src/main/java/dev/crossroadsmc/crossroads/service/PermissionService.java
/workspace/src/main/java/dev/crossroadsmc/crossroads/util/DurationParser.java
/workspace/src/main/java/dev/crossroadsmc/crossroads/service/WorldProfileService.java
/workspace/src/main/java/dev/crossroadsmc/crossroads/api/CrossroadsAPI.java
/workspace/src/main/java/dev/crossroadsmc/crossroads/service/EconomyService.java
/workspace/src/main/java/dev/crossroadsmc/crossroads/service/WelcomeService.java
/workspace/src/main/java/dev/crossroadsmc/crossroads/service/WarpService.java
/workspace/src/main/java/dev/crossroadsmc/crossroads/command/CrossroadsCommandRouter.java
/workspace/src/main/java/dev/crossroadsmc/crossroads/api/module/CrossroadsModule.java
/workspace/src/main/java/dev/crossroadsmc/crossroads/listener/ModerationListener.java
/workspace/src/main/java/dev/crossroadsmc/crossroads/model/ModerationLogEntry.java
/workspace/src/main/java/dev/crossroadsmc/crossroads/model/PlayerData.java
/workspace/src/main/java/dev/crossroadsmc/crossroads/model/InventorySnapshot.java
/workspace/src/main/java/dev/crossroadsmc/crossroads/util/PlayerDataCodec.java
/workspace/src/main/java/dev/crossroadsmc/crossroads/service/ProtectionCompatibilityService.java
/workspace/src/main/java/dev/crossroadsmc/crossroads/storage/StorageProvider.java
/workspace/src/main/java/dev/crossroadsmc/crossroads/service/KitService.java
/workspace/src/main/java/dev/crossroadsmc/crossroads/api/event/HomeTeleportEvent.java
/workspace/src/main/java/dev/crossroadsmc/crossroads/listener/InteractionListener.java
/workspace/src/main/java/dev/crossroadsmc/crossroads/service/ModuleManager.java
/workspace/src/main/java/dev/crossroadsmc/crossroads/service/StaffService.java
/workspace/src/main/java/dev/crossroadsmc/crossroads/model/TeleportRequest.java
/workspace/src/main/java/dev/crossroadsmc/crossroads/model/PermissionGroup.java
/workspace/src/main/java/dev/crossroadsmc/crossroads/service/TeleportRequestService.java
/workspace/src/main/java/dev/crossroadsmc/crossroads/storage/JdbcStorageProvider.java
/workspace/src/main/java/dev/crossroadsmc/crossroads/model/StaffModeSession.java
/workspace/src/main/java/dev/crossroadsmc/crossroads/service/BackService.java
/workspace/src/main/java/dev/crossroadsmc/crossroads/service/LanguageService.java
/workspace/src/main/java/dev/crossroadsmc/crossroads/model/MailMessage.java
/workspace/src/main/java/dev/crossroadsmc/crossroads/service/TextPageService.java
/workspace/src/main/java/dev/crossroadsmc/crossroads/placeholder/CrossroadsPlaceholderExpansion.java
/workspace/src/main/java/dev/crossroadsmc/crossroads/service/ImportService.java
/workspace/src/main/java/dev/crossroadsmc/crossroads/service/JailService.java
/workspace/src/main/java/dev/crossroadsmc/crossroads/model/KitDefinition.java
/workspace/src/main/java/dev/crossroadsmc/crossroads/listener/PlayerTrackingListener.java
/workspace/src/main/java/dev/crossroadsmc/crossroads/model/PermissionNode.java
/workspace/src/main/java/dev/crossroadsmc/crossroads/listener/PlayerLifecycleListener.java
/workspace/src/main/java/dev/crossroadsmc/crossroads/storage/YamlStorageProvider.java
/workspace/src/main/java/dev/crossroadsmc/crossroads/util/LocationFormatter.java
/workspace/src/main/java/dev/crossroadsmc/crossroads/storage/StorageManager.java
/workspace/src/main/java/dev/crossroadsmc/crossroads/storage/StorageType.java
/workspace/src/main/java/dev/crossroadsmc/crossroads/service/MenuService.java
/workspace/src/main/java/dev/crossroadsmc/crossroads/service/SpawnService.java
/workspace/src/main/java/dev/crossroadsmc/crossroads/service/MessagingService.java
/workspace/src/main/java/dev/crossroadsmc/crossroads/service/BackupService.java
/workspace/src/main/java/dev/crossroadsmc/crossroads/service/PlayerDataService.java
/workspace/src/main/java/dev/crossroadsmc/crossroads/util/TimeFormatter.java
/workspace/src/main/java/dev/crossroadsmc/crossroads/util/Chat.java
/workspace/src/main/java/dev/crossroadsmc/crossroads/service/ModerationService.java
/workspace/src/main/java/dev/crossroadsmc/crossroads/CrossroadsPlugin.java
/workspace/src/main/java/dev/crossroadsmc/crossroads/model/SavedLocation.java
